// Jest Snapshot v1, https://goo.gl/fbAQLP

exports[`RepoList matches snapshot 1`] = `ShallowWrapper {}`;
