// Jest Snapshot v1, https://goo.gl/fbAQLP

exports[`Repo matches snapshot 1`] = `ShallowWrapper {}`;
