// Jest Snapshot v1, https://goo.gl/fbAQLP

exports[`SearchRepositories matches snapshot 1`] = `ShallowWrapper {}`;
