// Jest Snapshot v1, https://goo.gl/fbAQLP

exports[`FilterSort matches snapshot 1`] = `ShallowWrapper {}`;
